[westaucklandstorage.co.nz/index.html]
[backblue.gif]
[fade.gif]
[index.html]
[gmpg.org/xfn/11.html]
[westaucklandstorage.co.nz/wp-json/oembed/1.0/embedf5d1.json]
[westaucklandstorage.co.nz/wp-json/oembed/1.0/embedba8e]
[westaucklandstorage.co.nz/wp-content/themes/astra/assets/css/minified/main.min7bcd.css]
[fonts.googleapis.com/index.html]
[westaucklandstorage.co.nz/wp-content/plugins/ultimate-addons-for-gutenberg/assets/css/spectra-block-positioning.min12d7.css]
[westaucklandstorage.co.nz/wp-content/plugins/ultimate-addons-for-gutenberg/assets/css/swiper-bundle.min12d7.css]
[westaucklandstorage.co.nz/feed/index.html]
[westaucklandstorage.co.nz/wp-content/uploads/uag-plugin/assets/0/uag-css-230abe.css]
[westaucklandstorage.co.nz/wp-content/plugins/breeze/assets/js/js-front-end/breeze-prefetch-links.min202b.js]
[westaucklandstorage.co.nz/comments/feed/index.html]
[westaucklandstorage.co.nz/wp-json/wp/v2/pages/23.json]
[westaucklandstorage.co.nz/wp-json/index.html]
[westaucklandstorage.co.nz/wp-content/uploads/2024/10/cropped-chrome_iBSiF53fFE-e1729309681662-32x32.png]
[westaucklandstorage.co.nz/wp-content/uploads/2024/10/cropped-chrome_iBSiF53fFE-e1729309681662-192x192.png]
[westaucklandstorage.co.nz/wp-content/uploads/2024/10/cropped-chrome_iBSiF53fFE-e1729309681662-180x180.png]
[westaucklandstorage.co.nz/wp-content/plugins/fluentformpro/public/libs/intl-tel-input/css/intlTelInput.minfcad.css]
[westaucklandstorage.co.nz/wp-content/plugins/fluentform/app/Services/FluentConversational/public/css/conversationalForm4d2c.css]
[westaucklandstorage.co.nz/wp-content/uploads/2024/10/Artboard-1-90x106.png]
[westaucklandstorage.co.nz/wp-content/uploads/2024/10/spam-farm-west-auckland-storage1_orig.jpg]
[westaucklandstorage.co.nz/wp-content/uploads/2024/10/spam-farm-west-auckland-storage2_orig.jpg]
[westaucklandstorage.co.nz/wp-content/uploads/2024/10/spam-farm-west-auckland-storage.jpg]
[westaucklandstorage.co.nz/wp-content/uploads/2024/10/spam-farm-west-auckland-storage1_bg.jpg]
[westaucklandstorage.co.nz/wp-content/uploads/2024/05/testimonial-skip-01.jpg]
[westaucklandstorage.co.nz/wp-content/uploads/2024/05/testimonial-skip-02.jpg]
[westaucklandstorage.co.nz/about/index.html]
[westaucklandstorage.co.nz/wp-content/uploads/2024/05/testimonial-skip-03.jpg]
[westaucklandstorage.co.nz/wp-content/uploads/2024/10/Artboard-1.png]
[westaucklandstorage.co.nz/wp-content/themes/astra/assets/js/minified/frontend.min7bcd.js]
[westaucklandstorage.co.nz/wp-content/plugins/ultimate-addons-for-gutenberg/assets/js/spectra-block-positioning.min12d7.js]
[westaucklandstorage.co.nz/services/index.html]
[westaucklandstorage.co.nz/wp-content/plugins/ultimate-addons-for-gutenberg/assets/js/swiper-bundle.min12d7.js]
[westaucklandstorage.co.nz/wp-content/plugins/ultimate-addons-for-gutenberg/assets/js/faq.min12d7.js]
[westaucklandstorage.co.nz/wp-content/uploads/uag-plugin/assets/0/uag-js-230abe.js]
[westaucklandstorage.co.nz/wp-content/plugins/fluentformpro/public/libs/intl-tel-input/js/utilsfcad.js]
[westaucklandstorage.co.nz/wp-content/plugins/fluentformpro/public/libs/intl-tel-input/js/intlTelInput.minfcad.js]
[westaucklandstorage.co.nz/blog/index.html]
[westaucklandstorage.co.nz/index.html]
[westaucklandstorage.co.nz/wp-content/plugins/fluentform/app/Services/FluentConversational/public/js/conversationalForm4d2c.js]
[westaucklandstorage.co.nz/contact/index.html]
[gmpg.org/xfn/default.css]
[gmpg.org/xfn/.html]
[gmpg.org/xfn/intro.html]
[gmpg.org/xfn/faq.html]
[gmpg.org/xfn/11.html]
[gmpg.org/xfn/thanks.html]
[fonts.googleapis.com/index.html]
[westaucklandstorage.co.nz/wp-content/themes/astra/assets/css/minified/main.min7bcd.css]
[fonts.googleapis.com/css8353.css]
[westaucklandstorage.co.nz/wp-content/plugins/ultimate-addons-for-gutenberg/assets/css/spectra-block-positioning.min12d7.css]
[westaucklandstorage.co.nz/wp-content/plugins/ultimate-addons-for-gutenberg/assets/css/swiper-bundle.min12d7.css]
[westaucklandstorage.co.nz/wp-content/uploads/uag-plugin/assets/0/uag-css-230abe.css]
[westaucklandstorage.co.nz/wp-content/plugins/fluentformpro/public/libs/intl-tel-input/img/flags.png]
[westaucklandstorage.co.nz/wp-content/plugins/fluentformpro/public/libs/intl-tel-input/img/flags@2x.png]
[westaucklandstorage.co.nz/wp-content/plugins/fluentformpro/public/libs/intl-tel-input/css/intlTelInput.minfcad.css]
[westaucklandstorage.co.nz/wp-content/plugins/fluentform/app/Services/FluentConversational/public/fonts/vendor/element-plus/lib/theme-chalk/element-icons262a.woff]
[westaucklandstorage.co.nz/wp-content/plugins/fluentform/app/Services/FluentConversational/public/fonts/vendor/element-plus/lib/theme-chalk/element-iconsdc1e.ttf]
[westaucklandstorage.co.nz/wp-content/plugins/fluentform/app/Services/FluentConversational/public/css/conversationalForm4d2c.css]
[westaucklandstorage.co.nz/wp-json/oembed/1.0/embed27ce.json]
[westaucklandstorage.co.nz/wp-json/oembed/1.0/embed1c61]
[westaucklandstorage.co.nz/wp-content/uploads/uag-plugin/assets/0/uag-css-246006.css]
[westaucklandstorage.co.nz/wp-json/wp/v2/pages/24.json]
[westaucklandstorage.co.nz/wp-content/uploads/2024/10/ApplicationFrameHost_JPhiqcZjbt.png]
[westaucklandstorage.co.nz/wp-content/uploads/2024/05/team-skip-02.jpg]
[westaucklandstorage.co.nz/wp-content/plugins/ultimate-addons-for-gutenberg/assets/js/spectra-counter.min12d7.js]
[westaucklandstorage.co.nz/wp-content/plugins/ultimate-addons-for-gutenberg/assets/js/countUp.min12d7.js]
[westaucklandstorage.co.nz/about/index.html]
[westaucklandstorage.co.nz/wp-content/uploads/uag-plugin/assets/0/uag-js-246006.js]
[westaucklandstorage.co.nz/wp-content/uploads/2024/10/spam-farm-west-auckland-storage1_bg-1024x422.jpg]
[westaucklandstorage.co.nz/wp-json/oembed/1.0/embed996e.json]
[westaucklandstorage.co.nz/wp-json/oembed/1.0/embed8cd4]
[westaucklandstorage.co.nz/wp-content/uploads/uag-plugin/assets/0/uag-css-26796c.css]
[westaucklandstorage.co.nz/wp-json/wp/v2/pages/26.json]
[westaucklandstorage.co.nz/wp-content/plugins/ultimate-addons-for-gutenberg/assets/js/uagb-button-child.min12d7.js]
[westaucklandstorage.co.nz/services/index.html]
[westaucklandstorage.co.nz/wp-content/uploads/uag-plugin/assets/0/uag-js-26796c.js]
[westaucklandstorage.co.nz/wp-content/uploads/2024/10/2257650588_50cbb0139e_b.jpg]
[westaucklandstorage.co.nz/wp-content/uploads/2024/10/w5v3hx9lbfic1.webp]
[westaucklandstorage.co.nz/wp-content/uploads/2024/10/20220730_132452_Sunnyvale-scaled.jpg]
[westaucklandstorage.co.nz/wp-content/uploads/2024/10/New_Lynn.jpg]
[westaucklandstorage.co.nz/wp-content/uploads/2024/10/Massey_West_Don_Buck_Road_Triangle_Road.jpg]
[westaucklandstorage.co.nz/wp-content/uploads/2024/10/4922467372845670525.jpg]
[westaucklandstorage.co.nz/wp-content/uploads/2024/10/hobsonville-1024x768-1.webp]
[westaucklandstorage.co.nz/blog/page/2/index.html]
[westaucklandstorage.co.nz/wp-content/uploads/2024/10/Lincoln-Road-Upgrade.png]
[westaucklandstorage.co.nz/wp-content/uploads/2024/10/Green_Bay_20220618_113021-scaled.jpg]
[westaucklandstorage.co.nz/wp-content/uploads/2024/10/96a6808cc7b4f38e79158d87290241a5.crop_.493x369.webp]
[westaucklandstorage.co.nz/blog/index.html]
[westaucklandstorage.co.nz/west-auckland-storage-your-reliable-storage-solution-in-laingholm/index.html]
[westaucklandstorage.co.nz/wp-json/oembed/1.0/embed565f.json]
[westaucklandstorage.co.nz/west-auckland-storage-your-storage-solution-in-new-lynn/index.html]
[westaucklandstorage.co.nz/west-auckland-storage-your-trusted-storage-in-huia/index.html]
[westaucklandstorage.co.nz/west-auckland-storage-secure-storage-in-sunnyvale/index.html]
[westaucklandstorage.co.nz/west-auckland-storage-reliable-storage-in-massey/index.html]
[westaucklandstorage.co.nz/west-auckland-storage-trusted-storage-solutions-in-west-harbour/index.html]
[westaucklandstorage.co.nz/wp-json/oembed/1.0/embed5ce0]
[westaucklandstorage.co.nz/wp-content/uploads/uag-plugin/assets/0/uag-css-28f369.css]
[westaucklandstorage.co.nz/west-auckland-storage-your-storage-solution-in-hobsonville/index.html]
[westaucklandstorage.co.nz/west-auckland-storage-reliable-storage-in-lincoln/index.html]
[westaucklandstorage.co.nz/wp-json/wp/v2/pages/28.json]
[westaucklandstorage.co.nz/wp-content/plugins/ultimate-addons-for-gutenberg/assets/js/forms.min12d7.js]
[westaucklandstorage.co.nz/west-auckland-storage-your-trusted-storage-solution-in-green-bay/index.html]
[westaucklandstorage.co.nz/contact/index.html]
[westaucklandstorage.co.nz/wp-content/uploads/uag-plugin/assets/0/uag-js-28f369.js]
[gmpg.org/xfn/default.css]
[westaucklandstorage.co.nz/blog/page/4/index.html]
[westaucklandstorage.co.nz/west-auckland-storage-your-reliable-storage-solution-in-kelston/index.html]
[gmpg.org/xfn/join.html]
[gmpg.org/xfn/index.html]
[gmpg.org/xfn/background.html]
[gmpg.org/xfn/tools.html]
[gmpg.org/xfn/helping.html]
[gmpg.org/xfn/and/index.html]
[gmpg.org/xfn/feedback.html]
[gmpg.org/xfn/creator.html]
[gmpg.org/xfn/more.html]
[gmpg.org/xfn/press.html]
[gmpg.org/xfn/.html]
[gmpg.org/xfn/index-2.html]
[gmpg.org/xfn/pix/intro/five-met.gif]
[gmpg.org/xfn/pix/intro/five-acqfr.gif]
[gmpg.org/xfn/pix/intro/five-prof.gif]
[gmpg.org/xfn/pix/intro/five-lovefam.gif]
[gmpg.org/xfn/intro.html]
[gmpg.org/xfn/faq.html]
[gmpg.org/xfn/thanks.html]
[westaucklandstorage.co.nz/wp-content/uploads/uag-plugin/assets/0/uag-css-246006.css]
[westaucklandstorage.co.nz/index2cf9.html]
[westaucklandstorage.co.nz/wp-content/uploads/uag-plugin/assets/0/uag-css-26796c.css]
[westaucklandstorage.co.nz/index88b9.html]
[westaucklandstorage.co.nz/services/contact/index.html]
[westaucklandstorage.co.nz/wp-content/uploads/2024/10/timthumb.jpg]
[westaucklandstorage.co.nz/wp-content/uploads/2024/10/Whenuapai_Airfield_From_The_Air.jpg]
[westaucklandstorage.co.nz/west-auckland-storage-your-trusted-storage-solution-in-swanson/index.html]
[westaucklandstorage.co.nz/wp-content/uploads/2024/10/Glendene.jpg]
[westaucklandstorage.co.nz/blog/page/3/index.html]
[westaucklandstorage.co.nz/wp-content/uploads/2024/10/327288669_794950501873232_8200805397008957714_n.jpg]
[westaucklandstorage.co.nz/west-auckland-storage-your-trusted-storage-solution-in-whenuapai/index.html]
[westaucklandstorage.co.nz/wp-content/uploads/2024/10/173_HeraldIslandPath5Featured.jpg]
[westaucklandstorage.co.nz/wp-content/uploads/2024/10/Te-Atatu-Peninsula-West-Auckland.jpg]
[westaucklandstorage.co.nz/west-auckland-storage-your-premier-storage-solution-in-glendene/index.html]
[westaucklandstorage.co.nz/wp-content/uploads/2024/10/Te_Atatu_Peninsula_Auckland_New_Zealand_-_panoramio.jpg]
[westaucklandstorage.co.nz/wp-content/uploads/2024/10/titirangi-0.jpg]
[westaucklandstorage.co.nz/blog/page/2/index.html]
[westaucklandstorage.co.nz/wp-content/uploads/2024/10/white-vintage-car-in-a-garage-19743815-scaled.jpg]
[westaucklandstorage.co.nz/west-auckland-storage-your-ideal-storage-solution-in-western-heights/index.html]
[westaucklandstorage.co.nz/west-auckland-storage-your-trusted-storage-solution-in-glen-eden/index.html]
[westaucklandstorage.co.nz/wp-json/oembed/1.0/embedb540.json]
[westaucklandstorage.co.nz/west-auckland-storage-the-perfect-storage-solution-for-herald-island-residents/index.html]
[westaucklandstorage.co.nz/west-auckland-storage-your-go-to-storage-solution-in-te-atatu-peninsula/index.html]
[westaucklandstorage.co.nz/wp-json/oembed/1.0/embed7077]
[westaucklandstorage.co.nz/west-auckland-storage-the-ideal-choice-for-te-atatu-south-residents/index.html]
[westaucklandstorage.co.nz/discovering-west-auckland-storage-the-perfect-solution-for-titirangi-residents/index.html]
[westaucklandstorage.co.nz/wp-json/wp/v2/posts/384.json]
[westaucklandstorage.co.nz/wp-content/uploads/2024/10/man-and-woman-checking-the-packages-5025639-scaled.jpg]
[westaucklandstorage.co.nz/west-auckland-storage-your-reliable-storage-solution-in-laingholm/feed/index.html]
[westaucklandstorage.co.nz/vehicle-storage-at-west-auckland-storage/index.html]
[westaucklandstorage.co.nz/wp-content/uploads/2024/10/retro-motorbikes-parked-in-row-on-special-platform-in-garage-3817843-scaled.jpg]
[westaucklandstorage.co.nz/west-auckland-storage-your-reliable-storage-solution-in-laingholm/index.html]
[westaucklandstorage.co.nz/wp-includes/js/comment-reply.min4d6f.js]
[westaucklandstorage.co.nz/wp-json/oembed/1.0/embed0843.json]
[westaucklandstorage.co.nz/author/isaac/index.html]
[westaucklandstorage.co.nz/business-storage-solutions-at-west-auckland-storage/index.html]
[westaucklandstorage.co.nz/category/uncategorized/index.html]
[westaucklandstorage.co.nz/wp-json/oembed/1.0/embed844c]
[westaucklandstorage.co.nz/motorbike-storage-at-west-auckland-storage/index.html]
[westaucklandstorage.co.nz/west-auckland-storage-your-trusted-storage-in-huia/feed/index.html]
[westaucklandstorage.co.nz/west-auckland-storage-your-trusted-storage-in-huia/index.html]
[westaucklandstorage.co.nz/wp-json/wp/v2/posts/381.json]
[westaucklandstorage.co.nz/wp-content/uploads/2024/10/20220730_132452_Sunnyvale-1024x768.jpg]
[westaucklandstorage.co.nz/wp-json/oembed/1.0/embed03e8.json]
[westaucklandstorage.co.nz/west-auckland-storage-secure-storage-in-sunnyvale/feed/index.html]
[westaucklandstorage.co.nz/wp-json/oembed/1.0/embedd3ae]
[westaucklandstorage.co.nz/west-auckland-storage-secure-storage-in-sunnyvale/index.html]
[westaucklandstorage.co.nz/wp-json/wp/v2/posts/378.json]
[westaucklandstorage.co.nz/wp-json/oembed/1.0/embed03e2.json]
[westaucklandstorage.co.nz/west-auckland-storage-your-storage-solution-in-new-lynn/feed/index.html]
[westaucklandstorage.co.nz/wp-json/oembed/1.0/embed1e42]
[westaucklandstorage.co.nz/west-auckland-storage-your-storage-solution-in-new-lynn/index.html]
[westaucklandstorage.co.nz/wp-json/wp/v2/posts/375.json]
[westaucklandstorage.co.nz/west-auckland-storage-reliable-storage-in-massey/feed/index.html]
[westaucklandstorage.co.nz/wp-json/oembed/1.0/embed1786.json]
[westaucklandstorage.co.nz/wp-json/oembed/1.0/embeda7e3]
[westaucklandstorage.co.nz/west-auckland-storage-reliable-storage-in-massey/index.html]
[westaucklandstorage.co.nz/wp-json/wp/v2/posts/371.json]
[westaucklandstorage.co.nz/west-auckland-storage-trusted-storage-solutions-in-west-harbour/feed/index.html]
[westaucklandstorage.co.nz/wp-json/oembed/1.0/embed85b4.json]
[westaucklandstorage.co.nz/wp-json/oembed/1.0/embedd8a0]
[westaucklandstorage.co.nz/west-auckland-storage-trusted-storage-solutions-in-west-harbour/index.html]
[westaucklandstorage.co.nz/wp-json/wp/v2/posts/368.json]
[westaucklandstorage.co.nz/wp-json/oembed/1.0/embeda156.json]
[westaucklandstorage.co.nz/west-auckland-storage-your-storage-solution-in-hobsonville/feed/index.html]
[westaucklandstorage.co.nz/wp-json/oembed/1.0/embed326a]
[westaucklandstorage.co.nz/west-auckland-storage-your-storage-solution-in-hobsonville/index.html]
[westaucklandstorage.co.nz/wp-json/wp/v2/posts/365.json]
[westaucklandstorage.co.nz/wp-json/oembed/1.0/embed85f5.json]
[westaucklandstorage.co.nz/west-auckland-storage-reliable-storage-in-lincoln/feed/index.html]
[westaucklandstorage.co.nz/wp-json/oembed/1.0/embed137d]
[westaucklandstorage.co.nz/west-auckland-storage-reliable-storage-in-lincoln/index.html]
[westaucklandstorage.co.nz/wp-json/wp/v2/posts/362.json]
[westaucklandstorage.co.nz/wp-content/uploads/2024/10/Green_Bay_20220618_113021-1024x768.jpg]
[westaucklandstorage.co.nz/wp-json/oembed/1.0/embedae5f.json]
[westaucklandstorage.co.nz/west-auckland-storage-your-trusted-storage-solution-in-green-bay/feed/index.html]
[westaucklandstorage.co.nz/wp-json/oembed/1.0/embed54c0]
[westaucklandstorage.co.nz/west-auckland-storage-your-trusted-storage-solution-in-green-bay/index.html]
[westaucklandstorage.co.nz/wp-json/wp/v2/posts/359.json]
[westaucklandstorage.co.nz/wp-json/oembed/1.0/embed1fd2.json]
[westaucklandstorage.co.nz/west-auckland-storage-your-reliable-storage-solution-in-kelston/feed/index.html]
[westaucklandstorage.co.nz/wp-json/oembed/1.0/embeddfd9]
[westaucklandstorage.co.nz/west-auckland-storage-your-reliable-storage-solution-in-kelston/index.html]
[westaucklandstorage.co.nz/wp-json/wp/v2/posts/348.json]
[westaucklandstorage.co.nz/wp-content/uploads/2024/10/illuminated-string-light-bulbs-on-campervan-8231169-scaled.jpg]
[westaucklandstorage.co.nz/blog/page/4/index.html]
[westaucklandstorage.co.nz/wp-content/uploads/2024/10/man-in-black-jacket-and-white-helmet-sitting-on-chair-6169057-scaled.jpg]
[westaucklandstorage.co.nz/wp-content/uploads/uag-plugin/assets/0/uag-css-28f369.css]
[westaucklandstorage.co.nz/index3c55.html]
[westaucklandstorage.co.nz/outdoor-storage-solutions-at-west-auckland-storage/index.html]
[westaucklandstorage.co.nz/caravan-storage-at-west-auckland-storage/index.html]
[gmpg.org/xfn/index.html]
[gmpg.org/xfn/1.html]
[gmpg.org/xfn/xfn-btn.gif]
[gmpg.org/xfn/join.html]
[gmpg.org/xfn/background.html]
[gmpg.org/xfn/creator-fr.html]
[gmpg.org/xfn/creator-it.html]
[gmpg.org/xfn/creator-es.html]
[gmpg.org/xfn/creator-nl.html]
[gmpg.org/xfn/creator-cs.html]
[gmpg.org/xfn/tools.html]
[gmpg.org/xfn/creator-ja.html]
[gmpg.org/xfn/pix/mememememe.png]
[gmpg.org/xfn/and/foaf.html]
[gmpg.org/xfn/and/index.html]
[gmpg.org/xfn/helping.html]
[gmpg.org/xfn/feedback.html]
[gmpg.org/xfn/creator.html]
[gmpg.org/xfn/and/index-2.html]
[gmpg.org/xfn/xfn-mini.gif]
[gmpg.org/xfn/more.html]
[gmpg.org/xfn/press.html]
[gmpg.org/xfn/index-2.html]
[westaucklandstorage.co.nz/xmlrpc0db0.php]
[westaucklandstorage.co.nz/wp-content/uploads/2024/10/removal-porters-unloading-truck-with-big-boxes-4489417-scaled.jpg]
[westaucklandstorage.co.nz/wp-content/uploads/2024/10/canoes-on-trailer-in-garden-25084821-scaled.jpg]
[westaucklandstorage.co.nz/wp-content/uploads/2024/10/car-in-garage-10559703-scaled.jpg]
[westaucklandstorage.co.nz/truck-storage-at-west-auckland-storage/index.html]
[westaucklandstorage.co.nz/wp-content/uploads/2024/10/mael-balland-ZkO8GzH0D1Q-unsplash-scaled.jpg]
[westaucklandstorage.co.nz/wp-content/uploads/2024/10/auckland-city-with-a-view-of-the-sky-tower-new-zealand-17824133-scaled.jpg]
[westaucklandstorage.co.nz/wp-content/uploads/2024/10/kocham-moje-gory-17379253-scaled.jpg]
[westaucklandstorage.co.nz/trailer-storage-at-west-auckland-storage/index.html]
[westaucklandstorage.co.nz/wp-content/uploads/2024/10/cellar-with-wine-bottles-774455-scaled.jpg]
[westaucklandstorage.co.nz/wp-content/uploads/2024/10/man-in-white-polo-shirt-showing-the-closet-to-a-man-in-gray-shirt-8978573-scaled.jpg]
[westaucklandstorage.co.nz/wp-content/uploads/2024/10/boat-on-the-ground-21597634-scaled.jpg]
[westaucklandstorage.co.nz/blog/page/3/index.html]
[westaucklandstorage.co.nz/wp-content/uploads/2024/10/boats-on-brown-field-13059995-scaled.jpg]
[westaucklandstorage.co.nz/west-auckland-storage-your-trusted-storage-solution-in-swanson/index.html]
[westaucklandstorage.co.nz/west-auckland-storage-your-go-to-for-secure-boat-and-vehicle-storage/index.html]
[westaucklandstorage.co.nz/uncovered-boat-storage-at-west-auckland-storage/index.html]
[westaucklandstorage.co.nz/span-farm-boat-yard-ltd-your-premier-boat-storage-solution-in-west-auckland/index.html]
[westaucklandstorage.co.nz/why-choose-west-auckland-storage/index.html]
[westaucklandstorage.co.nz/wp-json/oembed/1.0/embed0b08.json]
[westaucklandstorage.co.nz/why-choose-west-auckland-storage-for-your-long-term-storage-needs/index.html]
[westaucklandstorage.co.nz/wp-json/oembed/1.0/embed2528]
[westaucklandstorage.co.nz/why-choose-west-auckland-storage-for-your-short-term-storage-needs/index.html]
[westaucklandstorage.co.nz/benefits-of-storing-your-boat-at-west-auckland-storage/index.html]
[westaucklandstorage.co.nz/boat-storage-at-west-auckland-storage/index.html]
[westaucklandstorage.co.nz/west-auckland-storage-your-trusted-storage-solution-in-whenuapai/index.html]
[westaucklandstorage.co.nz/west-auckland-storage-your-trusted-storage-solution-in-whenuapai/feed/index.html]
[westaucklandstorage.co.nz/wp-json/wp/v2/posts/339.json]
[westaucklandstorage.co.nz/wp-json/oembed/1.0/embed49f9.json]
[westaucklandstorage.co.nz/west-auckland-storage-your-premier-storage-solution-in-glendene/feed/index.html]
[westaucklandstorage.co.nz/wp-json/oembed/1.0/embedd680]
[westaucklandstorage.co.nz/west-auckland-storage-your-premier-storage-solution-in-glendene/index.html]
[westaucklandstorage.co.nz/wp-json/wp/v2/posts/336.json]
[westaucklandstorage.co.nz/wp-json/oembed/1.0/embede555.json]
[westaucklandstorage.co.nz/west-auckland-storage-your-ideal-storage-solution-in-western-heights/feed/index.html]
[westaucklandstorage.co.nz/wp-json/oembed/1.0/embedafc9]
[westaucklandstorage.co.nz/west-auckland-storage-your-ideal-storage-solution-in-western-heights/index.html]
[westaucklandstorage.co.nz/wp-content/uploads/2024/10/TPXUXESJZH5OOOAH3YTOLQ67DI.html]
[westaucklandstorage.co.nz/wp-json/wp/v2/posts/333.json]
[westaucklandstorage.co.nz/wp-json/oembed/1.0/embed729b.json]
[westaucklandstorage.co.nz/west-auckland-storage-your-trusted-storage-solution-in-glen-eden/feed/index.html]
[westaucklandstorage.co.nz/wp-json/oembed/1.0/embeda361]
[westaucklandstorage.co.nz/west-auckland-storage-your-trusted-storage-solution-in-glen-eden/index.html]
[westaucklandstorage.co.nz/wp-json/wp/v2/posts/330.json]
[westaucklandstorage.co.nz/wp-json/oembed/1.0/embed34e5.json]
[westaucklandstorage.co.nz/west-auckland-storage-the-perfect-storage-solution-for-herald-island-residents/feed/index.html]
[westaucklandstorage.co.nz/wp-json/oembed/1.0/embed5a06]
[westaucklandstorage.co.nz/west-auckland-storage-the-perfect-storage-solution-for-herald-island-residents/index.html]
[westaucklandstorage.co.nz/wp-json/wp/v2/posts/327.json]
[westaucklandstorage.co.nz/wp-json/oembed/1.0/embed0ff0.json]
[westaucklandstorage.co.nz/west-auckland-storage-your-go-to-storage-solution-in-te-atatu-peninsula/feed/index.html]
[westaucklandstorage.co.nz/wp-json/oembed/1.0/embed14c0]
[westaucklandstorage.co.nz/west-auckland-storage-your-go-to-storage-solution-in-te-atatu-peninsula/index.html]
[westaucklandstorage.co.nz/wp-json/wp/v2/posts/324.json]
[westaucklandstorage.co.nz/wp-json/oembed/1.0/embeded01.json]
[westaucklandstorage.co.nz/west-auckland-storage-the-ideal-choice-for-te-atatu-south-residents/feed/index.html]
[westaucklandstorage.co.nz/wp-json/oembed/1.0/embed7143]
[westaucklandstorage.co.nz/west-auckland-storage-the-ideal-choice-for-te-atatu-south-residents/index.html]
[westaucklandstorage.co.nz/wp-json/wp/v2/posts/321.json]
[westaucklandstorage.co.nz/wp-json/oembed/1.0/embede9f8.json]
[westaucklandstorage.co.nz/discovering-west-auckland-storage-the-perfect-solution-for-titirangi-residents/feed/index.html]
[westaucklandstorage.co.nz/wp-json/oembed/1.0/embed1260]
[westaucklandstorage.co.nz/discovering-west-auckland-storage-the-perfect-solution-for-titirangi-residents/index.html]
[westaucklandstorage.co.nz/wp-json/wp/v2/posts/318.json]
[westaucklandstorage.co.nz/wp-content/uploads/2024/10/white-vintage-car-in-a-garage-19743815-683x1024.jpg]
[westaucklandstorage.co.nz/wp-json/oembed/1.0/embedc41b.json]
[westaucklandstorage.co.nz/vehicle-storage-at-west-auckland-storage/feed/index.html]
[westaucklandstorage.co.nz/wp-json/oembed/1.0/embedc8c8]
[westaucklandstorage.co.nz/vehicle-storage-at-west-auckland-storage/index.html]
[westaucklandstorage.co.nz/index6905.html]
[westaucklandstorage.co.nz/wp-json/wp/v2/posts/290.json]
[westaucklandstorage.co.nz/author/isaac/index.html]
[westaucklandstorage.co.nz/wp-json/wp/v2/users/1.json]
[westaucklandstorage.co.nz/author/isaac/feed/index.html]
[westaucklandstorage.co.nz/author/isaac/page/2/index.html]
[westaucklandstorage.co.nz/wp-content/uploads/2024/10/man-and-woman-checking-the-packages-5025639-1024x576.jpg]
[westaucklandstorage.co.nz/author/isaac/page/4/index.html]
[westaucklandstorage.co.nz/wp-json/oembed/1.0/embed4046.json]
[westaucklandstorage.co.nz/business-storage-solutions-at-west-auckland-storage/feed/index.html]
[westaucklandstorage.co.nz/wp-json/oembed/1.0/embed1fe5]
[westaucklandstorage.co.nz/business-storage-solutions-at-west-auckland-storage/index.html]
[westaucklandstorage.co.nz/wp-json/wp/v2/posts/248.json]
[westaucklandstorage.co.nz/category/uncategorized/index.html]
[westaucklandstorage.co.nz/category/uncategorized/feed/index.html]
[westaucklandstorage.co.nz/wp-json/wp/v2/categories/1.json]
[westaucklandstorage.co.nz/category/uncategorized/page/2/index.html]
[westaucklandstorage.co.nz/category/uncategorized/page/4/index.html]
[westaucklandstorage.co.nz/wp-content/uploads/2024/10/retro-motorbikes-parked-in-row-on-special-platform-in-garage-3817843-1024x686.jpg]
[westaucklandstorage.co.nz/wp-json/oembed/1.0/embedf532.json]
[westaucklandstorage.co.nz/wp-json/oembed/1.0/embed9ad3]
[westaucklandstorage.co.nz/motorbike-storage-at-west-auckland-storage/index.html]
[westaucklandstorage.co.nz/index1f38.html]
[westaucklandstorage.co.nz/motorbike-storage-at-west-auckland-storage/feed/index.html]
[westaucklandstorage.co.nz/indexe8d3.html]
[westaucklandstorage.co.nz/index3922.html]
[westaucklandstorage.co.nz/index9f0a.html]
[westaucklandstorage.co.nz/index5ee4.html]
[westaucklandstorage.co.nz/index18ee.html]
[westaucklandstorage.co.nz/indexe4db.html]
[westaucklandstorage.co.nz/indexcaf0.html]
[westaucklandstorage.co.nz/index2206.html]
[westaucklandstorage.co.nz/wp-json/wp/v2/posts/251.json]
[westaucklandstorage.co.nz/wp-content/uploads/2024/10/illuminated-string-light-bulbs-on-campervan-8231169-1024x683.jpg]
[westaucklandstorage.co.nz/wp-json/oembed/1.0/embedfb27.json]
[westaucklandstorage.co.nz/wp-json/oembed/1.0/embeddcb1]
[westaucklandstorage.co.nz/caravan-storage-at-west-auckland-storage/feed/index.html]
[westaucklandstorage.co.nz/caravan-storage-at-west-auckland-storage/index.html]
[westaucklandstorage.co.nz/wp-json/wp/v2/posts/258.json]
[westaucklandstorage.co.nz/wp-content/uploads/2024/10/man-in-black-jacket-and-white-helmet-sitting-on-chair-6169057-683x1024.jpg]
[westaucklandstorage.co.nz/wp-json/oembed/1.0/embed4e12.json]
[westaucklandstorage.co.nz/wp-json/oembed/1.0/embedb49a]
[westaucklandstorage.co.nz/outdoor-storage-solutions-at-west-auckland-storage/feed/index.html]
[westaucklandstorage.co.nz/outdoor-storage-solutions-at-west-auckland-storage/index.html]
[gmpg.org/xfn/1.html]
[gmpg.org/xfn/creator-fr.html]
[gmpg.org/xfn/creator-it.html]
[gmpg.org/xfn/creator-es.html]
[gmpg.org/xfn/creator-nl.html]
[gmpg.org/xfn/creator-cs.html]
[gmpg.org/xfn/creator-ja.html]
[gmpg.org/xfn/and/foaf.html]
[gmpg.org/xfn/and/index-2.html]
[gmpg.org/xfn/count.css]
[westaucklandstorage.co.nz/wp-json/wp/v2/posts/255.json]
[westaucklandstorage.co.nz/wp-content/uploads/2024/10/removal-porters-unloading-truck-with-big-boxes-4489417-683x1024.jpg]
[westaucklandstorage.co.nz/wp-json/oembed/1.0/embed4491.json]
[westaucklandstorage.co.nz/truck-storage-at-west-auckland-storage/feed/index.html]
[westaucklandstorage.co.nz/wp-json/oembed/1.0/embed545d]
[westaucklandstorage.co.nz/truck-storage-at-west-auckland-storage/index.html]
[westaucklandstorage.co.nz/wp-json/wp/v2/posts/287.json]
[westaucklandstorage.co.nz/wp-content/uploads/2024/10/canoes-on-trailer-in-garden-25084821-1024x683.jpg]
[westaucklandstorage.co.nz/wp-json/oembed/1.0/embed4f81.json]
[westaucklandstorage.co.nz/trailer-storage-at-west-auckland-storage/feed/index.html]
[westaucklandstorage.co.nz/wp-json/oembed/1.0/embed3c0f]
[westaucklandstorage.co.nz/trailer-storage-at-west-auckland-storage/index.html]
[westaucklandstorage.co.nz/wp-json/wp/v2/posts/284.json]
[westaucklandstorage.co.nz/wp-content/uploads/2024/10/car-in-garage-10559703-683x1024.jpg]
[westaucklandstorage.co.nz/wp-json/oembed/1.0/embeda6e7.json]
[westaucklandstorage.co.nz/wp-json/oembed/1.0/embed8429]
[westaucklandstorage.co.nz/west-auckland-storage-your-go-to-for-secure-boat-and-vehicle-storage/feed/index.html]
[westaucklandstorage.co.nz/west-auckland-storage-your-go-to-for-secure-boat-and-vehicle-storage/index.html]
[westaucklandstorage.co.nz/wp-json/wp/v2/posts/281.json]
[westaucklandstorage.co.nz/wp-content/uploads/2024/10/mael-balland-ZkO8GzH0D1Q-unsplash-1024x683.jpg]
[westaucklandstorage.co.nz/wp-json/oembed/1.0/embedeb21.json]
[westaucklandstorage.co.nz/wp-json/oembed/1.0/embed1d22]
[westaucklandstorage.co.nz/uncovered-boat-storage-at-west-auckland-storage/feed/index.html]
[westaucklandstorage.co.nz/uncovered-boat-storage-at-west-auckland-storage/index.html]
[westaucklandstorage.co.nz/wp-json/wp/v2/posts/279.json]
[westaucklandstorage.co.nz/wp-content/uploads/2024/10/auckland-city-with-a-view-of-the-sky-tower-new-zealand-17824133-1024x683.jpg]
[westaucklandstorage.co.nz/wp-json/oembed/1.0/embeded95.json]
[westaucklandstorage.co.nz/span-farm-boat-yard-ltd-your-premier-boat-storage-solution-in-west-auckland/feed/index.html]
[westaucklandstorage.co.nz/wp-json/oembed/1.0/embed22c1]
[westaucklandstorage.co.nz/span-farm-boat-yard-ltd-your-premier-boat-storage-solution-in-west-auckland/index.html]
[westaucklandstorage.co.nz/wp-json/wp/v2/posts/276.json]
[westaucklandstorage.co.nz/wp-content/uploads/2024/10/kocham-moje-gory-17379253-683x1024.jpg]
[westaucklandstorage.co.nz/wp-json/oembed/1.0/embed0732.json]
[westaucklandstorage.co.nz/why-choose-west-auckland-storage/feed/index.html]
[westaucklandstorage.co.nz/wp-json/oembed/1.0/embedecae]
[westaucklandstorage.co.nz/why-choose-west-auckland-storage/index.html]
[westaucklandstorage.co.nz/wp-json/wp/v2/posts/273.json]
[westaucklandstorage.co.nz/wp-content/uploads/2024/10/cellar-with-wine-bottles-774455-680x1024.jpg]
[westaucklandstorage.co.nz/wp-json/oembed/1.0/embed914c.json]
[westaucklandstorage.co.nz/why-choose-west-auckland-storage-for-your-long-term-storage-needs/feed/index.html]
[westaucklandstorage.co.nz/wp-json/oembed/1.0/embedbd92]
[westaucklandstorage.co.nz/why-choose-west-auckland-storage-for-your-long-term-storage-needs/index.html]
[westaucklandstorage.co.nz/wp-json/wp/v2/posts/270.json]
[westaucklandstorage.co.nz/wp-content/uploads/2024/10/man-in-white-polo-shirt-showing-the-closet-to-a-man-in-gray-shirt-8978573-1024x742.jpg]
[westaucklandstorage.co.nz/why-choose-west-auckland-storage-for-your-short-term-storage-needs/feed/index.html]
[westaucklandstorage.co.nz/wp-json/oembed/1.0/embed3533.json]
[westaucklandstorage.co.nz/wp-json/oembed/1.0/embed43b5]
[westaucklandstorage.co.nz/why-choose-west-auckland-storage-for-your-short-term-storage-needs/index.html]
[westaucklandstorage.co.nz/wp-json/wp/v2/posts/267.json]
[westaucklandstorage.co.nz/wp-content/uploads/2024/10/boat-on-the-ground-21597634-1024x683.jpg]
[westaucklandstorage.co.nz/wp-json/oembed/1.0/embed02ac.json]
[westaucklandstorage.co.nz/wp-json/oembed/1.0/embede44f]
[westaucklandstorage.co.nz/benefits-of-storing-your-boat-at-west-auckland-storage/feed/index.html]
[westaucklandstorage.co.nz/benefits-of-storing-your-boat-at-west-auckland-storage/index.html]
[westaucklandstorage.co.nz/wp-json/wp/v2/posts/264.json]
[westaucklandstorage.co.nz/wp-content/uploads/2024/10/boats-on-brown-field-13059995-1024x576.jpg]
[westaucklandstorage.co.nz/wp-json/oembed/1.0/embed48dc.json]
[westaucklandstorage.co.nz/wp-json/oembed/1.0/embed50d3]
[westaucklandstorage.co.nz/boat-storage-at-west-auckland-storage/index.html]
[westaucklandstorage.co.nz/indexb247.html]
[westaucklandstorage.co.nz/index71fc.html]
[westaucklandstorage.co.nz/indexf604.html]
[westaucklandstorage.co.nz/index1639.html]
[westaucklandstorage.co.nz/index5355.html]
[westaucklandstorage.co.nz/indexf47a.html]
[westaucklandstorage.co.nz/index8ee7.html]
[westaucklandstorage.co.nz/indexcb8c.html]
[westaucklandstorage.co.nz/index5b31.html]
[westaucklandstorage.co.nz/author/isaac/page/2/index.html]
[westaucklandstorage.co.nz/boat-storage-at-west-auckland-storage/feed/index.html]
[westaucklandstorage.co.nz/wp-json/wp/v2/posts/261.json]
[westaucklandstorage.co.nz/author/isaac/page/4/index.html]
[westaucklandstorage.co.nz/indexcf9a.html]
[westaucklandstorage.co.nz/category/uncategorized/page/2/index.html]
[westaucklandstorage.co.nz/category/uncategorized/page/4/index.html]
[westaucklandstorage.co.nz/indexd6e1.html]
[westaucklandstorage.co.nz/indexb773.html]
[westaucklandstorage.co.nz/index0c93.html]
[westaucklandstorage.co.nz/index486a.html]
[westaucklandstorage.co.nz/index7b2c.html]
[westaucklandstorage.co.nz/index73fa.html]
[westaucklandstorage.co.nz/index45c8.html]
[westaucklandstorage.co.nz/index44be.html]
[westaucklandstorage.co.nz/index7dad.html]
[westaucklandstorage.co.nz/index5295.html]
[westaucklandstorage.co.nz/index3786.html]
[westaucklandstorage.co.nz/indexd728.html]
[westaucklandstorage.co.nz/author/isaac/page/3/index.html]
[westaucklandstorage.co.nz/indexd89d.html]
[westaucklandstorage.co.nz/xmlrpc.php]
[westaucklandstorage.co.nz/author/isaac/page/3/index.html]
[westaucklandstorage.co.nz/category/uncategorized/page/3/index.html]
[westaucklandstorage.co.nz/category/uncategorized/page/3/index.html]
[junk.metafilter.com/xfn.gif]
